// Jest Snapshot v1, https://goo.gl/fbAQLP

exports[`Should PrivateRoute render correctly Should PrivateRoute render correctly for auth user 1`] = `null`;

exports[`Should PrivateRoute render correctly Should PrivateRoute render correctly for no-auth user 1`] = `null`;
