// Jest Snapshot v1, https://goo.gl/fbAQLP

exports[`Render PropertyFeatures 1`] = `
<ul
  className="property__features"
>
  <li
    className="property__feature property__feature--entire"
  >
    Private Room
  </li>
  <li
    className="property__feature property__feature--bedrooms"
  >
    3
     Bedrooms
  </li>
  <li
    className="property__feature property__feature--adults"
  >
    Max 
    2
     adults
  </li>
</ul>
`;
