// Jest Snapshot v1, https://goo.gl/fbAQLP

exports[`Render TextareaInput 1`] = `
<textarea
  className="reviews__textarea form__textarea"
  id="review"
  name="review"
  onChange={[Function]}
  placeholder="Tell how was your stay, what you like and what can be improved"
/>
`;
