// Jest Snapshot v1, https://goo.gl/fbAQLP

exports[`FavoritesCardsList is rendered correctly 1`] = `
<div
  className="favorites__places"
/>
`;
