// Jest Snapshot v1, https://goo.gl/fbAQLP

exports[`withToggler is rendered correctly 1`] = `<div />`;
