// Jest Snapshot v1, https://goo.gl/fbAQLP

exports[`renders CardCities for cities list 1`] = `
<article
  className="place-card cities__place-card"
  id="1"
  onMouseEnter={[Function]}
  onMouseLeave={[Function]}
>
  <CardDetails
    highlightedOfferID="0"
    offer={
      Object {
        "bedrooms": 1,
        "city": Object {
          "location": Object {
            "latitude": 52.370216,
            "longitude": 4.895168,
            "zoom": 10,
          },
          "name": "Amsterdam",
        },
        "description": "Gran suite con entrada independiente y baño interior privado en el centro de Segovia. Privacidad y comodidad a tan sólo tres minutos del acueducto.Amplia y luminosa, con 2 camas de 105 (+ 1 opcional de 90), baño completo, calefacción, mininevera, microondas, vajilla, cubertería básica, Internet y un balcón grande y soleado.I speak English, Italian and Spanish",
        "goods": Array [
          "cabel TV",
          "heating",
          "kitchen",
          "towels",
          "washing machine",
          "washer",
          "dishwasher",
          "conditioner",
          "elevator",
          "coffee machine",
        ],
        "host": Object {
          "avatar": "https://robohash.org/28?set=set2&size=74x74",
          "id": 4,
          "isPro": false,
          "name": "Salom",
        },
        "id": 1,
        "images": Array [
          "https://bit.ly/34LWdhj",
          "https://bit.ly/36Ys6Wn",
          "https://bit.ly/33Qpecj",
          "https://bit.ly/30YVQif",
          "https://bit.ly/36TgIv7",
          "https://bit.ly/3lEt2DG",
        ],
        "isFavorite": true,
        "isPremium": false,
        "location": Object {
          "latitude": 48.865610000000004,
          "longitude": 2.350499,
          "zoom": 5,
        },
        "maxGuests": 8,
        "previewImage": "https://bit.ly/34LWdhj",
        "price": 207,
        "rating": 1.4018800815887484,
        "title": "La Latina- Small Charming Studio",
        "type": "room",
      }
    }
    resetActiveCardIdAction={[Function]}
    setActiveCardIdAction={[Function]}
    type="cities"
  />
</article>
`;
