// Jest Snapshot v1, https://goo.gl/fbAQLP

exports[`Render PremiumMark 1`] = `
<div
  className="place-card__mark"
>
  <span>
    Premium
  </span>
</div>
`;
